<!DOCTYPE html>
<html lang="en">
<head>
	<meta charset="UTF-8">
	<title>Golden</title>
	<link rel="stylesheet" href="css/main.css">
</head>
<body>
	<div class="page">

		<header>
			<div class="conteiner">
				<div class="heading clearfix">
					<img src="img/logo.png" alt="" class="logo">
					<nav>
						<ul class="menu">
							<li>
								<a href="#">Home</a>
							</li>
							<li>
								<a href="#">Services</a>
							</li>
							<li>
								<a href="#">Portfolio</a>
							</li>
							<li>
								<a href="#">About</a>
							</li>
							<li>
								<a href="#">Contact</a>
							</li>
						</ul>
					</nav>
				</div>
				<div class="titels">
					<div class="titels_first">
						Welcome To Our Studio!
					</div>
					<h1>
						It’s nice to Meet you
					</h1>
					<a href="#" class="button">Tell Me More</a>
				</div>
			</div>
		</header>

		<section id="services">
			<div class="conteiner">
				<div class="title">
					<h2>Services</h2>
					<p>
						Proin iaculis purus consequat sem cure. 
					</p>
				</div>
				<div class="services clearfix">
					<div class="services_item">
						<img src="img/icon1.png" alt="">
						<h3>E-Commerce</h3>
						<p>
							Proin iaculis purus consequat sem cure 
							digni ssim. Donec porttitora entum suscipit 
							aenean rhoncus posuere odio in tincidunt.
						</p>
					</div>
					<div class="services_item">
						<img src="img/icon2.png" alt="">
						<h3>Responsive Web</h3>
						<p>
							Proin iaculis purus consequat sem cure 
							digni ssim. Donec porttitora entum suscipit 
							aenean rhoncus posuere odio in tincidunt.
						</p>
					</div>
					<div class="services_item">
						<img src="img/icon3.png" alt="">
						<h3>Web Security</h3>
						<p>
							Proin iaculis purus consequat sem cure 
							digni ssim. Donec porttitora entum suscipit 
							aenean rhoncus posuere odio in tincidunt.
						</p>
					</div>
				</div>
			</div>
		</section>
		<section id="portfolio">
			<div class="conteiner">
				<div class="title">
					<h2>Our portfolio</h2>
					<p>
						Proin iaculis purus consequat sem cure.  
					</p>
				</div>
				<div class="works clearfix">
					<img src="img/img1.jpg" alt="">
					<img src="img/img2.jpg" alt="">
					<img src="img/img3.jpg" alt="">
				</div>
			</div>
		</section>
		<section>
			<div class="conteiner">
				<div class="title">
					<h2>About Us</h2>
					<p>
						Proin iaculis purus consequat sem cure.
					</p>
				</div>
				<div class="about">
					<div class="about_item clearfix">
						<div class="about_title">
							<h3>July 2010<br> Our Humble Beginnings</h3>
							<p>
								Proin iaculis purus consequat sem cure 
								digni ssim. Donec porttitora entum suscipit 
								aenean rhoncus posuere odio in tincidunt. Proin 
								iaculis purus consequat sem cure digni 
								ssim. Donec porttitora entum suscipit.
							</p>
						</div>
						<img src="img/about1.jpg" alt="">
					</div>
					<div class="about_item clearfix">
						<img src="img/about2.jpg" alt="">
						<div class="about_title">
							<h3>January 2011<br> Facing Startup Battles</h3>
							<p>
								Proin iaculis purus consequat sem cure 
								digni ssim. Donec porttitora entum suscipit 
								aenean rhoncus posuere odio in tincidunt. Proin 
								iaculis purus consequat sem cure digni 
								ssim. Donec porttitora entum suscipit aenean 
								rhoncus posuere odio in tincidunt.
							</p>
						</div>
					</div>
					<div class="about_item clearfix">
						<div class="about_title">
							<h3>December 2012<br> Enter The Dark Days</h3>
							<p>
								Proin iaculis purus consequat sem cure 
								digni ssim. Donec porttitora entum suscipit 
								aenean rhoncus posuere odio in tincidunt. Proin 
								iaculis purus consequat sem cure digni.
							</p>
						</div>
						<img src="img/about3.jpg" alt="">
					</div>
					<div class="about_item clearfix">
						<img src="img/about4.jpg" alt="">
						<div class="about_title">
							<h3>February 2014<br> Our Triumph</h3>
							<p>
								Proin iaculis purus consequat sem cure 
								digni ssim. Donec porttitora entum suscipit 
								aenean rhoncus posuere odio in tincidunt. Proin 
								iaculis purus consequat sem cure digni 
								ssim. Donec porttitora entum suscipit aenean.
							</p>
						</div>
					</div>
				</div>
			</div>
		</section>
		<footer>
			<div class="conteiner">
				<div class="footer">
					<p>
						© Copyright 2014 FreebiesXpress.com
					</p>
				</div>
			</div>
		</footer>
	</div>
</body>
</html>